[practice.expandtesting.com/index.html]
[backblue.gif]
[fade.gif]
[index.html]
[practice.expandtesting.com/assets/images/favicon.png]
[practice.expandtesting.com/apple-touch-icon.png]
[cdn.jsdelivr.net/npm/bootstrap@5.3.0-alpha1/dist/css/bootstrap.min.css]
[practice.expandtesting.com/assets/css/main3d19.css]
[code.jquery.com/jquery-3.6.3.min.js]
[cdn.jsdelivr.net/npm/bootstrap@5.2.0/dist/js/bootstrap.bundle.min.js]
[cdnjs.cloudflare.com/ajax/libs/popper.js/1.12.9/umd/popper.min.js]
[pagead2.googlesyndication.com/pagead/js/f79da.txt]
[practice.expandtesting.com/assets/images/logo.svg]
[practice.expandtesting.com/tips.html]
[practice.expandtesting.com/test-cases.html]
[practice.expandtesting.com/about.html]
[practice.expandtesting.com/notes/api/api-docs/index.html]
[practice.expandtesting.com/xpath-css-tester.html]
[practice.expandtesting.com/inputs.html]
[practice.expandtesting.com/login.html]
[practice.expandtesting.com/register.html]
[practice.expandtesting.com/forgot-password.html]
[practice.expandtesting.com/otp-login.html]
[practice.expandtesting.com/dynamic-table.html]
[practice.expandtesting.com/dynamic-pagination-table.html]
[practice.expandtesting.com/locators.html]
[practice.expandtesting.com/my-browser.html]
[practice.expandtesting.com/radio-buttons.html]
[practice.expandtesting.com/drag-and-drop.html]
[practice.expandtesting.com/drag-and-drop-circles.html]
[practice.expandtesting.com/form-validation.html]
[practice.expandtesting.com/upload.html]
[practice.expandtesting.com/download.html]
[practice.expandtesting.com/add-remove-elements.html]
[practice.expandtesting.com/download-secure]
[practice.expandtesting.com/notification-message]
[practice.expandtesting.com/notification-message-rendered.html]
[practice.expandtesting.com/autocomplete.html]
[practice.expandtesting.com/spies-stubs-clocks.html]
[practice.expandtesting.com/challenging-dom.html]
[practice.expandtesting.com/large.html]
[practice.expandtesting.com/shadowdom.html]
[practice.expandtesting.com/typos.html]
[practice.expandtesting.com/my-ip.html]
[practice.expandtesting.com/broken-images.html]
[practice.expandtesting.com/infinite-scroll.html]
[practice.expandtesting.com/slow.html]
[practice.expandtesting.com/js-dialogs.html]
[practice.expandtesting.com/javascript-error.html]
[practice.expandtesting.com/jqueryui.html]
[practice.expandtesting.com/jqueryui/menu.html]
[practice.expandtesting.com/abtest.html]
[practice.expandtesting.com/checkboxes.html]
[practice.expandtesting.com/context-menu.html]
[practice.expandtesting.com/key-presses.html]
[practice.expandtesting.com/disappearing-elements.html]
[practice.expandtesting.com/dropdown.html]
[practice.expandtesting.com/redirector.html]
[practice.expandtesting.com/geolocation.html]
[practice.expandtesting.com/horizontal-slider.html]
[practice.expandtesting.com/hovers.html]
[practice.expandtesting.com/floating-menu.html]
[practice.expandtesting.com/iframe.html]
[practice.expandtesting.com/windows.html]
[practice.expandtesting.com/tables.html]
[practice.expandtesting.com/tooltips.html]
[practice.expandtesting.com/dynamic-content.html]
[practice.expandtesting.com/dynamic-controls.html]
[practice.expandtesting.com/dynamic-loading.html]
[practice.expandtesting.com/shifting-content.html]
[practice.expandtesting.com/status-codes.html]
[practice.expandtesting.com/dynamic-id.html]
[practice.expandtesting.com/entry-ad.html]
[practice.expandtesting.com/exit-intent.html]
[practice.expandtesting.com/contact.html]
[practice.expandtesting.com/google-tracking-events.html]
[practice.expandtesting.com/users/1.html]
[practice.expandtesting.com/feedback.html]
[practice.expandtesting.com/scrollbars.html]
[practice.expandtesting.com/cookie-alert.html]
[practice.expandtesting.com/http-headers.html]
[practice.expandtesting.com/console-logs.html]
[practice.expandtesting.com/notes/app/login.html]
[practice.expandtesting.com/basic-auth]
[practice.expandtesting.com/digest-auth]
[practice.expandtesting.com/random-number.html]
[practice.expandtesting.com/flaky-test.html]
[practice.expandtesting.com/notes/app.html]
[practice.expandtesting.com/webpark.html]
[practice.expandtesting.com/bmi.html]
[practice.expandtesting.com/secure-password-checker.html]
[practice.expandtesting.com/tracalorie]
[practice.expandtesting.com/tracalorie/index.html]
[practice.expandtesting.com/color-wheel.html]
[practice.expandtesting.com/bookstore.html]
[practice.expandtesting.com/cars.html]
[practice.expandtesting.com/api/health-check.json]
[practice.expandtesting.com/api/api-docs/index.html]
[practice.expandtesting.com/assertions/should-be.html]
[practice.expandtesting.com/api/my-ip/index.html]
[practice.expandtesting.com/assertions/should-have.html]
[practice.expandtesting.com/assertions/should-equal.html]
[practice.expandtesting.com/assertions/should-match.html]
[practice.expandtesting.com/assertions/should-contain.html]
[practice.expandtesting.com/assertions/should-include.html]
[practice.expandtesting.com/assertions/should-exist.html]
[practice.expandtesting.com/allure-reports.html]
[practice.expandtesting.com/mochawesome-reports.html]
[practice.expandtesting.com/mocha-chai-sinon-player.html]
[practice.expandtesting.com/assets/js/search.js]
[practice.expandtesting.com/assets/plugins/back-to-top/back-to-top.min.js]
[practice.expandtesting.com/assets/js/main.js]
[practice.expandtesting.com/script/script.js]
[practice.expandtesting.com/index.html]
[cdn.jsdelivr.net/npm/bootstrap@5.3.0-alpha1/dist/css/bootstrap.min.css]
[practice.expandtesting.com/assets/css/main3d19.css]
[practice.expandtesting.com/socket.io/socket.io.min.js]
[practice.expandtesting.com/assets/images/robot.svg]
[practice.expandtesting.com/assets/images/logo.svg]
[practice.expandtesting.com/tips/javascript-async-await-playwright-guide.html]
[practice.expandtesting.com/tips/how-to-verify-console-log-messages-using-playwright.html]
[practice.expandtesting.com/tips/css-selector-cheat-sheet.html]
[practice.expandtesting.com/tips/how-to-prepare-for-istqb-certification.html]
[practice.expandtesting.com/tips/how-to-automate-mfa-authentication.html]
[practice.expandtesting.com/tips/how-to-get-public-ip-address-with-nodejs.html]
[practice.expandtesting.com/tips/how-to-skip-husky-git-hooks.html]
[practice.expandtesting.com/tips/how-to-mock-geolocation-with-playwright.html]
[practice.expandtesting.com/tips.html]
[practice.expandtesting.com/tips/how-to-repeat-a-command-until-it-fails.html]
[practice.expandtesting.com/test-cases/login.html]
[practice.expandtesting.com/test-cases.html]
[practice.expandtesting.com/test-cases/register.html]
[practice.expandtesting.com/notes/api/api-docs/swagger-ui.css]
[practice.expandtesting.com/notes/api/api-docs/favicon-32x32.png]
[practice.expandtesting.com/notes/api/api-docs/favicon-16x16.png]
[practice.expandtesting.com/notes/api/api-docs/swagger-ui-init.js]
[practice.expandtesting.com/notes/api/api-docs/swagger-ui-standalone-preset.js]
[practice.expandtesting.com/notes/api/api-docs/index.html]
[practice.expandtesting.com/about.html]
[practice.expandtesting.com/assets/js/swagger-notes-api.js]
[practice.expandtesting.com/notes/api/api-docs/swagger-ui-bundle.js]
[practice.expandtesting.com/assets/plugins/xpath-css/xc-selector.min.css]
[practice.expandtesting.com/xpath-css-tester.html]
[practice.expandtesting.com/inputs.html]
[practice.expandtesting.com/assets/plugins/xpath-css/xc-selector.min.js]
[practice.expandtesting.com/img/auth-login.png]
[practice.expandtesting.com/login.html]
[practice.expandtesting.com/register.html]
[practice.expandtesting.com/forgot-password.html]
[practice.expandtesting.com/otp-login.html]
[practice.expandtesting.com/dynamic-table.html]
[practice.expandtesting.com/assets/js/form-validation.js]
[cdn.datatables.net/1.13.4/css/dataTables.bootstrap5.min.css]
[cdnjs.cloudflare.com/ajax/libs/jquery/3.6.0/jquery.min.js]
[cdn.datatables.net/1.13.4/js/jquery.dataTables.min.js]
[practice.expandtesting.com/dynamic-pagination-table.html]
[cdn.datatables.net/1.13.4/js/dataTables.bootstrap5.min.js]
[practice.expandtesting.com/img/avatar-blank.jpg]
[practice.expandtesting.com/locators.html]
[practice.expandtesting.com/my-browser.html]
[practice.expandtesting.com/radio-buttons.html]
[practice.expandtesting.com/drag-and-drop.html]
[practice.expandtesting.com/drag-and-drop-circles.html]
[practice.expandtesting.com/form-validation.html]
[practice.expandtesting.com/upload.html]
[practice.expandtesting.com/js/vendor/dropzone.js]
[practice.expandtesting.com/download/1772113926970_file-with-dashes.txt]
[practice.expandtesting.com/download/1772113930608_image.png]
[practice.expandtesting.com/download/1772113931265_file_with_underscores.txt]
[practice.expandtesting.com/download/1772113931526_second.txt]
[practice.expandtesting.com/download/1772113940132_document.pdf]
[practice.expandtesting.com/download/1772113940463_my-report.txt]
[practice.expandtesting.com/download/1772114928102_file-sample_150kB.pdf]
[practice.expandtesting.com/download/1772113947330_just-under.txt]
[practice.expandtesting.com/download/1772115626397_DNDAgentFile.txt]
[practice.expandtesting.com/download/1772115645024_DNDAgentFile.txt]
[practice.expandtesting.com/download/1772118337543_DNDAgentFile.txt]
[practice.expandtesting.com/download/1772118354631_DNDAgentFile.txt]
[practice.expandtesting.com/download/1772121005281_DNDAgentFile.txt]
[practice.expandtesting.com/download/1772121021733_DNDAgentFile.txt]
[practice.expandtesting.com/download/1772124797678_4eca5d89-1891-4b62-a905-3dc9016b5378.png]
[practice.expandtesting.com/download/1772126425249_DNDAgentFile.txt]
[practice.expandtesting.com/download/1772126443242_DNDAgentFile.txt]
[practice.expandtesting.com/download/1772129141486_DNDAgentFile.txt]
[practice.expandtesting.com/download/1772129157853_DNDAgentFile.txt]
[practice.expandtesting.com/download/1772131792550_DNDAgentFile.txt]
[practice.expandtesting.com/download/1772131809624_DNDAgentFile.txt]
[practice.expandtesting.com/download/1772137231753_DNDAgentFile.txt]
[practice.expandtesting.com/download/1772137247412_DNDAgentFile.txt]
[practice.expandtesting.com/download/1772139937838_DNDAgentFile.txt]
[practice.expandtesting.com/download/1772139955499_DNDAgentFile.txt]
[practice.expandtesting.com/download/1772142592693_DNDAgentFile.txt]
[practice.expandtesting.com/download/1772142610331_DNDAgentFile.txt]
[practice.expandtesting.com/download/1772146775561_test.txt]
[practice.expandtesting.com/download/1772148027946_DNDAgentFile.txt]
[practice.expandtesting.com/download/1772148046215_DNDAgentFile.txt]
[practice.expandtesting.com/download/1772150735875_DNDAgentFile.txt]
[practice.expandtesting.com/download/1772150751229_DNDAgentFile.txt]
[practice.expandtesting.com/download/1772153259324_doc.pdf]
[practice.expandtesting.com/download/1772153395946_DNDAgentFile.txt]
[practice.expandtesting.com/download/1772153413380_DNDAgentFile.txt]
[practice.expandtesting.com/download/1772158836651_DNDAgentFile.txt]
[practice.expandtesting.com/download/1772158856394_DNDAgentFile.txt]
[practice.expandtesting.com/download/1772161534318_DNDAgentFile.txt]
[practice.expandtesting.com/download/1772161553123_DNDAgentFile.txt]
[practice.expandtesting.com/download/1772162805261_file_to_be_uploaded.txt]
[practice.expandtesting.com/download/1772162915659_file_to_be_uploaded.txt]
[practice.expandtesting.com/download/1772163012806_file_to_be_uploaded.txt]
[practice.expandtesting.com/download/1772164202606_DNDAgentFile.txt]
[practice.expandtesting.com/download/1772164219688_DNDAgentFile.txt]
[practice.expandtesting.com/download/1772165668678_sample-2-one-page.pdf]
[practice.expandtesting.com/download/1772165715421_sample-2-one-page.pdf]
[practice.expandtesting.com/download/1772166060611_sample-2-one-page.pdf]
[practice.expandtesting.com/download/1772166169964_sample-2-one-page.pdf]
[practice.expandtesting.com/download/1772166217398_sample-2-one-page.pdf]
[practice.expandtesting.com/download/1772166663697_sample-2-one-page.pdf]
[practice.expandtesting.com/download/1772167009818_sample-2-one-page.pdf]
[practice.expandtesting.com/download/1772167113459_sample-2-one-page.pdf]
[practice.expandtesting.com/download/1772169346351_hello.java]
[practice.expandtesting.com/download/1772169563263_hello.java]
[practice.expandtesting.com/download/1772169627199_DNDAgentFile.txt]
[practice.expandtesting.com/download/1772169644516_DNDAgentFile.txt]
[practice.expandtesting.com/download/1772170175745_hello.java]
[practice.expandtesting.com/download/1772170204505_hello.java]
[practice.expandtesting.com/download/cdct.jpg]
[practice.expandtesting.com/download/some-file.json]
[practice.expandtesting.com/download/some-file.txt]
[practice.expandtesting.com/download/wdio.png]
[practice.expandtesting.com/download/xpath-css.png]
[practice.expandtesting.com/download.html]
[practice.expandtesting.com/add-remove-elements.html]
[practice.expandtesting.com/download-secure.html]
[practice.expandtesting.com/notification-message-rendered.html]
[practice.expandtesting.com/autocomplete.html]
[practice.expandtesting.com/assets/js/autocomplete.js]
[practice.expandtesting.com/assets/images/flags/${data.location_details.short_name}.svg]
[practice.expandtesting.com/spies-stubs-clocks.html]
[practice.expandtesting.com/challenging-dom.html]
[practice.expandtesting.com/large.html]
[practice.expandtesting.com/shadowdom.html]
[practice.expandtesting.com/typos.html]
[practice.expandtesting.com/my-ip.html]
[practice.expandtesting.com/asdf.jpg]
[practice.expandtesting.com/hjkl.jpg]
[practice.expandtesting.com/broken-images.html]
[practice.expandtesting.com/infinite-scroll.html]
[practice.expandtesting.com/slow.html]
[practice.expandtesting.com/js-dialogs.html]
[practice.expandtesting.com/javascript-error.html]
[practice.expandtesting.com/jqueryui.html]
[practice.expandtesting.com/assets/js/js-dialogs.js]
[practice.expandtesting.com/css/jqueryui/menu/menu.css]
[ajax.googleapis.com/ajax/libs/jquery/1.9.1/jquery.min.js]
[practice.expandtesting.com/js/vendor/jquery-ui-1.11.4/jquery-ui.js]
[ajax.googleapis.com/ajax/libs/jqueryui/1.9.2/jquery-ui.min.js]
[practice.expandtesting.com/download/jqueryui/menu/menu.pdf]
[practice.expandtesting.com/download/jqueryui/menu/menu.csv]
[practice.expandtesting.com/download/jqueryui/menu/menu.xls]
[practice.expandtesting.com/jqueryui/menu.html]
[practice.expandtesting.com/abtest.html]
[practice.expandtesting.com/checkboxes.html]
[practice.expandtesting.com/context-menu.html]
[practice.expandtesting.com/key-presses.html]
[practice.expandtesting.com/disappearing-elements.html]
[practice.expandtesting.com/assets/js/key-presses.js]
[practice.expandtesting.com/dropdown.html]
[practice.expandtesting.com/assets/js/dropdown.js]
[practice.expandtesting.com/redirect]
[practice.expandtesting.com/redirector.html]
[practice.expandtesting.com/geolocation.html]
[practice.expandtesting.com/horizontal-slider.html]
[practice.expandtesting.com/assets/js/geolocation.js]
[practice.expandtesting.com/users/2.html]
[practice.expandtesting.com/hovers.html]
[practice.expandtesting.com/floating-menu.html]
[practice.expandtesting.com/users/3.html]
[practice.expandtesting.com/iframe-email-subscribe.html]
[practice.expandtesting.com/iframe.html]
[practice.expandtesting.com/windows.html]
[practice.expandtesting.com/windows/new.html]
[cdn.tiny.cloud/1/nxzf0m55j62vlwew5859fzuehkat8z447clmq8c03iv5gva5/tinymce/6.8.6-46/tinymce.min.js]
[practice.expandtesting.com/js/vendor/jquery.tablesorter.min.js]
[practice.expandtesting.com/tables.html]
[practice.expandtesting.com/tooltips.html]
[practice.expandtesting.com/assets/css/tables.css]
[practice.expandtesting.com/dynamic-contente46c.html]
[practice.expandtesting.com/img/avatars/Original-Facebook-Geek-Profile-Avatar-7.jpg]
[practice.expandtesting.com/img/avatars/Original-Facebook-Geek-Profile-Avatar-1.jpg]
[practice.expandtesting.com/dynamic-content.html]
[practice.expandtesting.com/dynamic-controls.html]
[practice.expandtesting.com/assets/js/dynamic-controls.js]
[practice.expandtesting.com/dynamic-loading/1.html]
[practice.expandtesting.com/dynamic-loading.html]
[practice.expandtesting.com/dynamic-loading/2.html]
[practice.expandtesting.com/shifting-content/menu.html]
[practice.expandtesting.com/shifting-content/image.html]
[practice.expandtesting.com/shifting-content.html]
[practice.expandtesting.com/shifting-content/list.html]
[practice.expandtesting.com/status-codes/200.html]
[practice.expandtesting.com/status-codes/301]
[practice.expandtesting.com/status-codes/404]
[practice.expandtesting.com/status-codes/500]
[practice.expandtesting.com/status-codes.html]
[practice.expandtesting.com/dynamic-id.html]
[practice.expandtesting.com/entry-ad.html]
[practice.expandtesting.com/exit-intent.html]
[practice.expandtesting.com/contact.html]
[practice.expandtesting.com/js/vendor/ouibounce.min.js]
[cdn.jsdelivr.net/npm/bootstrap-icons@1.6.1/font/bootstrap-icons.css]
[practice.expandtesting.com/google-tracking-events.html]
[practice.expandtesting.com/users/1.html]
[practice.expandtesting.com/feedback.html]
[practice.expandtesting.com/scrollbars.html]
[practice.expandtesting.com/assets/js/tracking-events.js]
[practice.expandtesting.com/assets/plugins/cookie/cookie.css]
[practice.expandtesting.com/cookie-alert.html]
[practice.expandtesting.com/http-headers.html]
[practice.expandtesting.com/assets/plugins/cookie/cookie.min.js]
[practice.expandtesting.com/privacy-policy/index.html]
[practice.expandtesting.com/terms-conditions/index.html]
[practice.expandtesting.com/console-logs.html]
[practice.expandtesting.com/assets/js/console-logs.js]
[practice.expandtesting.com/notes/app/index.html]
[practice.expandtesting.com/notes-app/static/js/main.3a0e5dfe.js]
[practice.expandtesting.com/notes/app/login.html]
[practice.expandtesting.com/basic-auth.html]
[practice.expandtesting.com/digest-auth.html]
[practice.expandtesting.com/random-number.html]
[practice.expandtesting.com/flaky-test.html]
[practice.expandtesting.com/notes/app.html]
[practice.expandtesting.com/notes-app/static/css/main.81996215.css]
[practice.expandtesting.com/assets/plugins/flatpickr/flatpickr.min.css]
[practice.expandtesting.com/assets/plugins/flatpickr/flatpickr.min.js]
[practice.expandtesting.com/webpark.html]
[practice.expandtesting.com/assets/js/webpark.js]
[practice.expandtesting.com/bmi.html]
[practice.expandtesting.com/assets/js/bmi.js]
[practice.expandtesting.com/assets/css/pwd-checker.css]
[practice.expandtesting.com/secure-password-checker.html]
[practice.expandtesting.com/assets/js/pwd-checker.js]
[cdnjs.cloudflare.com/ajax/libs/materialize/0.100.2/css/materialize.min.css]
[maxcdn.bootstrapcdn.com/font-awesome/4.7.0/css/font-awesome.min.css]
[code.jquery.com/jquery-3.2.1.min.js]
[cdnjs.cloudflare.com/ajax/libs/materialize/0.100.2/js/materialize.min.js]
[practice.expandtesting.com/tracalorie/index.html]
[practice.expandtesting.com/tracalorie/app.js]
[practice.expandtesting.com/assets/css/color-wheel.css]
[practice.expandtesting.com/color-wheel.html]
[practice.expandtesting.com/assets/js/color-wheel.js]
[practice.expandtesting.com/bookstore/cart.html]
[practice.expandtesting.com/img/cart.png]
[practice.expandtesting.com/bookstore/user/signin.html]
[practice.expandtesting.com/bookstore/books/categories/674106645b85ae33d4d10e62.html]
[practice.expandtesting.com/bookstore/index.html]
[practice.expandtesting.com/bookstore/books/categories/6741066a5b85ae33d4d10e65.html]
[practice.expandtesting.com/bookstore/books/categories/674106705b85ae33d4d10e68.html]
[practice.expandtesting.com/bookstorec643.html]
[practice.expandtesting.com/bookstorecfa8.html]
[practice.expandtesting.com/bookstorebeb1.html]
[practice.expandtesting.com/bookstore/books/674108466cb6226060a20d44.html]
[practice.expandtesting.com/img/bs_js_book.png]
[practice.expandtesting.com/bookstore/add-to-cart/674108466cb6226060a20d44]
[practice.expandtesting.com/bookstore/books/67410a586cb6226060a20d8d.html]
[practice.expandtesting.com/img/bs_testing_book.png]
[practice.expandtesting.com/bookstore/add-to-cart/67410a586cb6226060a20d8d]
[practice.expandtesting.com/bookstore/books/67410b8c6cb6226060a20da4.html]
[practice.expandtesting.com/img/bs_devops_book.png]
[practice.expandtesting.com/bookstore/add-to-cart/67410b8c6cb6226060a20da4]
[practice.expandtesting.com/bookstore.html]
[practice.expandtesting.com/cars.html]
[practice.expandtesting.com/bookstore2679.html]
[practice.expandtesting.com/api/api-docs/swagger-ui.css]
[practice.expandtesting.com/api/api-docs/favicon-32x32.png]
[practice.expandtesting.com/api/api-docs/favicon-16x16.png]
[practice.expandtesting.com/api/api-docs/swagger-ui-bundle.js]
[practice.expandtesting.com/api/api-docs/swagger-ui-standalone-preset.js]
[practice.expandtesting.com/api/api-docs/index.html]
[practice.expandtesting.com/assertions/should-be.html]
[practice.expandtesting.com/assertions/should-have.html]
[practice.expandtesting.com/assertions/should-equal.html]
[practice.expandtesting.com/assertions/should-match.html]
[practice.expandtesting.com/assertions/should-contain.html]
[practice.expandtesting.com/assertions/should-include.html]
[practice.expandtesting.com/assertions/should-exist.html]
[practice.expandtesting.com/allure-reports.html]
[practice.expandtesting.com/mochawesome-reports.html]
[practice.expandtesting.com/api/api-docs/swagger-ui-init.js]
[practice.expandtesting.com/assertions/index.html]
[practice.expandtesting.com/assets/plugins/mocha-chai-sinon/mocha.css]
[practice.expandtesting.com/mocha-chai-sinon-player.html]
[practice.expandtesting.com/assets/images/robot.html]
[practice.expandtesting.com/img/async-await-playwright.png]
[cdnjs.cloudflare.com/ajax/libs/highlight.js/11.3.1/styles/default.min.css]
[practice.expandtesting.com/assets/css/highlightjs.css]
[practice.expandtesting.com/tips/javascript-async-await-playwright-guide.html]
[practice.expandtesting.com/tips/how-to-verify-console-log-messages-using-playwright.html]
[cdnjs.cloudflare.com/ajax/libs/highlight.js/11.3.1/highlight.min.js]
[practice.expandtesting.com/tips/css-selector-cheat-sheet.html]
[practice.expandtesting.com/tips/how-to-prepare-for-istqb-certification.html]
[practice.expandtesting.com/css_styles_tips.css]
[practice.expandtesting.com/assets/plugins/mocha-chai-sinon/main-runner.min.js]
[practice.expandtesting.com/assets/images/tips/mfa-automation-service.png]
[practice.expandtesting.com/tips/how-to-automate-mfa-authentication.html]
[practice.expandtesting.com/tips/how-to-get-public-ip-address-with-nodejs.html]
[practice.expandtesting.com/tips/how-to-skip-husky-git-hooks.html]
[practice.expandtesting.com/tips/how-to-mock-geolocation-with-playwright.html]
[practice.expandtesting.com/tips/how-to-repeat-a-command-until-it-fails.html]
[practice.expandtesting.com/test-cases/login.html]
[practice.expandtesting.com/test-cases/register.html]
[practice.expandtesting.com/notes/api/api-docs/swagger-ui.css]
[practice.expandtesting.com/assets/plugins/xpath-css/xc-selector.min.css]
[cdn.datatables.net/1.13.4/css/dataTables.bootstrap5.min.css]
[practice.expandtesting.com/download/1772113939245_empty.txt]
[practice.expandtesting.com/download/1772115062246_upload.txt]
[practice.expandtesting.com/assets/images/flags/${data.location_details.short_name}.html]
[practice.expandtesting.com/asdf.html]
[practice.expandtesting.com/hjkl.html]
[practice.expandtesting.com/css/jqueryui/menu/images/animated-overlay.gif]
[practice.expandtesting.com/img/jqueryui/menu/ui-bg_flat_75_ffffff_40x100.png]
[practice.expandtesting.com/img/jqueryui/menu/ui-bg_highlight-soft_75_cccccc_1x100.png]
[practice.expandtesting.com/img/jqueryui/menu/ui-bg_glass_75_e6e6e6_1x400.png]
[practice.expandtesting.com/img/jqueryui/menu/ui-bg_glass_75_dadada_1x400.png]
[practice.expandtesting.com/img/jqueryui/menu/ui-bg_glass_65_ffffff_1x400.png]
[practice.expandtesting.com/img/jqueryui/menu/ui-bg_glass_55_fbf9ee_1x400.png]
[practice.expandtesting.com/img/jqueryui/menu/ui-bg_glass_95_fef1ec_1x400.png]
[practice.expandtesting.com/img/jqueryui/menu/ui-icons_222222_256x240.png]
[practice.expandtesting.com/img/jqueryui/menu/ui-icons_888888_256x240.png]
[practice.expandtesting.com/img/jqueryui/menu/ui-icons_454545_256x240.png]
[practice.expandtesting.com/img/jqueryui/menu/ui-icons_2e83ff_256x240.png]
[practice.expandtesting.com/img/jqueryui/menu/ui-icons_cd0a0a_256x240.png]
[practice.expandtesting.com/img/jqueryui/menu/ui-bg_flat_0_aaaaaa_40x100.png]
[practice.expandtesting.com/css/jqueryui/menu/menu.css]
[practice.expandtesting.com/users/2.html]
[practice.expandtesting.com/users/3.html]
[practice.expandtesting.com/iframe-email-subscribe.html]
[practice.expandtesting.com/windows/new.html]
[practice.expandtesting.com/img/down-arrow.png]
[practice.expandtesting.com/img/up-arrow.png]
[practice.expandtesting.com/assets/css/tables.css]
[practice.expandtesting.com/img/avatars/Original-Facebook-Geek-Profile-Avatar-3.jpg]
[practice.expandtesting.com/img/avatars/Original-Facebook-Geek-Profile-Avatar-5.jpg]
[practice.expandtesting.com/dynamic-contente46c.html]
[practice.expandtesting.com/img/ajax-loader.gif]
[practice.expandtesting.com/dynamic-loading/1.html]
[practice.expandtesting.com/dynamic-loading/2.html]
[practice.expandtesting.com/shifting-content/menu8205.html]
[practice.expandtesting.com/shifting-content/menuc36c.html]
[practice.expandtesting.com/shifting-content/menu.html]
[practice.expandtesting.com/shifting-content/menu242c.html]
[practice.expandtesting.com/shifting-content/image8205.html]
[practice.expandtesting.com/shifting-content/imagec36c.html]
[practice.expandtesting.com/shifting-content/image242c.html]
[practice.expandtesting.com/shifting-content/imagef739.html]
[practice.expandtesting.com/img/avatar.jpg]
[practice.expandtesting.com/shifting-content/image.html]
[practice.expandtesting.com/shifting-content/list.html]
[practice.expandtesting.com/status-codes/200.html]
[practice.expandtesting.com/status-codes/404.html]
[cdn.jsdelivr.net/npm/bootstrap-icons@1.6.1/font/fonts/bootstrap-icons4fee.woff2]
[practice.expandtesting.com/status-codes/500.html]
[cdn.jsdelivr.net/npm/bootstrap-icons@1.6.1/font/fonts/bootstrap-icons4fee.woff]
[cdn.jsdelivr.net/npm/bootstrap-icons@1.6.1/font/bootstrap-icons.css]
[practice.expandtesting.com/assets/plugins/cookie/cookie.css]
[practice.expandtesting.com/privacy-policy/index.html]
[practice.expandtesting.com/terms-conditions/index.html]
[practice.expandtesting.com/notes/app/index.html]
[practice.expandtesting.com/notes-app/static/css/main.81996215.css]
[practice.expandtesting.com/assets/plugins/flatpickr/flatpickr.min.css]
[practice.expandtesting.com/assets/css/pwd-checker.css]
[cdnjs.cloudflare.com/ajax/libs/materialize/0.100.2/css/materialize.min.css]
[maxcdn.bootstrapcdn.com/font-awesome/4.7.0/css/font-awesome.min.css]
[practice.expandtesting.com/assets/css/color-wheel.css]
[practice.expandtesting.com/bookstore/cart.html]
[practice.expandtesting.com/bookstore/user/signin.html]
[practice.expandtesting.com/bookstore/user/signup.html]
[practice.expandtesting.com/bookstore/add-to-cart/674108466cb6226060a20d44]
[practice.expandtesting.com/bookstore/indexc643.html]
[practice.expandtesting.com/bookstore/indexcfa8.html]
[practice.expandtesting.com/bookstore/add-to-cart/67410a586cb6226060a20d8d.143.delayed]
[practice.expandtesting.com/bookstore/indexbeb1.html]
[practice.expandtesting.com/bookstore/add-to-cart/67410b8c6cb6226060a20da4]
[practice.expandtesting.com/bookstore/index.html]
[practice.expandtesting.com/bookstore/index2679.html]
[practice.expandtesting.com/bookstore/books/categories/674106645b85ae33d4d10e62c643.html]
[practice.expandtesting.com/bookstore/books/categories/674106645b85ae33d4d10e62cfa8.html]
[practice.expandtesting.com/bookstore/books/categories/674106645b85ae33d4d10e62beb1.html]
[practice.expandtesting.com/bookstore/add-to-cart/674108466cb6226060a20d44]
[practice.expandtesting.com/bookstore/books/categories/674106645b85ae33d4d10e62.html]
[practice.expandtesting.com/bookstore/books/categories/674106645b85ae33d4d10e622679.html]
[practice.expandtesting.com/bookstore/books/categories/6741066a5b85ae33d4d10e65c643.html]
[practice.expandtesting.com/bookstore/books/categories/6741066a5b85ae33d4d10e65cfa8.html]
[practice.expandtesting.com/bookstore/books/categories/6741066a5b85ae33d4d10e65beb1.html]
[practice.expandtesting.com/bookstore/books/categories/6741066a5b85ae33d4d10e65.html]
[practice.expandtesting.com/bookstore/books/categories/6741066a5b85ae33d4d10e652679.html]
[practice.expandtesting.com/bookstore/books/categories/674106705b85ae33d4d10e68c643.html]
[practice.expandtesting.com/bookstore/books/categories/674106705b85ae33d4d10e68cfa8.html]
[practice.expandtesting.com/bookstore/books/categories/674106705b85ae33d4d10e68beb1.html]
[practice.expandtesting.com/bookstore/add-to-cart/67410b8c6cb6226060a20da4]
[practice.expandtesting.com/bookstore/books/categories/674106705b85ae33d4d10e68.html]
[practice.expandtesting.com/bookstore/books/categories/674106705b85ae33d4d10e682679.html]
[practice.expandtesting.com/bookstore/add-to-cart/67410b8c6cb6226060a20da4]
[practice.expandtesting.com/bookstore/add-to-cart/674108466cb6226060a20d44]
[practice.expandtesting.com/bookstorec643.html]
[practice.expandtesting.com/bookstore/add-to-cart/67410b8c6cb6226060a20da4]
[practice.expandtesting.com/bookstore/add-to-cart/674108466cb6226060a20d44]
[practice.expandtesting.com/bookstorecfa8.html]
[practice.expandtesting.com/bookstore/add-to-cart/674108466cb6226060a20d44]
[practice.expandtesting.com/bookstore/add-to-cart/67410b8c6cb6226060a20da4]
[practice.expandtesting.com/bookstorebeb1.html]
[practice.expandtesting.com/bookstore/add-to-cart/674108466cb6226060a20d44]
[practice.expandtesting.com/bookstore/books/674108466cb6226060a20d44.html]
[practice.expandtesting.com/bookstore/books/67410a586cb6226060a20d8d.html]
[practice.expandtesting.com/bookstore/add-to-cart/67410b8c6cb6226060a20da4]
[practice.expandtesting.com/bookstore/books/67410b8c6cb6226060a20da4.html]
[practice.expandtesting.com/bookstore/add-to-cart/674108466cb6226060a20d44]
[practice.expandtesting.com/bookstore/add-to-cart/67410b8c6cb6226060a20da4]
[practice.expandtesting.com/bookstore2679.html]
[practice.expandtesting.com/api/api-docs/swagger-ui.css]
[practice.expandtesting.com/assertions/index.html]
[practice.expandtesting.com/assets/plugins/mocha-chai-sinon/mocha.css]
[cdnjs.cloudflare.com/ajax/libs/highlight.js/11.3.1/styles/default.min.css]
[practice.expandtesting.com/assets/css/highlightjs.css]
[practice.expandtesting.com/css_styles_tips.css]
[practice.expandtesting.com/css/jqueryui/menu/images/animated-overlay.html]
[practice.expandtesting.com/img/jqueryui/menu/ui-bg_highlight-soft_75_cccccc_1x100.html]
[practice.expandtesting.com/img/jqueryui/menu/ui-bg_glass_75_e6e6e6_1x400.html]
[practice.expandtesting.com/img/jqueryui/menu/ui-bg_glass_55_fbf9ee_1x400.html]
[practice.expandtesting.com/img/jqueryui/menu/ui-bg_glass_95_fef1ec_1x400.html]
[practice.expandtesting.com/img/jqueryui/menu/ui-icons_888888_256x240.html]
[practice.expandtesting.com/img/jqueryui/menu/ui-icons_2e83ff_256x240.html]
[practice.expandtesting.com/img/jqueryui/menu/ui-icons_cd0a0a_256x240.html]
[practice.expandtesting.com/img/jqueryui/menu/ui-bg_flat_0_aaaaaa_40x100.html]
[practice.expandtesting.com/shifting-content/menu8205.html]
[practice.expandtesting.com/shifting-content/menuc36c.html]
[practice.expandtesting.com/shifting-content/menu242c.html]
[practice.expandtesting.com/shifting-content/image8205.html]
[practice.expandtesting.com/shifting-content/imagec36c.html]
[practice.expandtesting.com/shifting-content/image242c.html]
[practice.expandtesting.com/img/avatars/Original-Facebook-Geek-Profile-Avatar-2.jpg]
[practice.expandtesting.com/shifting-content/imagef739.html]
[practice.expandtesting.com/bookstore/user/signup.html]
[practice.expandtesting.com/status-codes/500.html]
[practice.expandtesting.com/bookstore/add-to-cart/67410b8c6cb6226060a20da4]
[practice.expandtesting.com/bookstore/add-to-cart/674108466cb6226060a20d44]
[practice.expandtesting.com/bookstore/indexc643.html]
[practice.expandtesting.com/bookstore/add-to-cart/67410b8c6cb6226060a20da4]
[practice.expandtesting.com/bookstore/add-to-cart/674108466cb6226060a20d44]
[practice.expandtesting.com/bookstore/indexcfa8.html]
[practice.expandtesting.com/bookstore/add-to-cart/674108466cb6226060a20d44]
[practice.expandtesting.com/bookstore/add-to-cart/67410b8c6cb6226060a20da4]
[practice.expandtesting.com/bookstore/indexbeb1.html]
[practice.expandtesting.com/bookstore/add-to-cart/674108466cb6226060a20d44]
[practice.expandtesting.com/bookstore/add-to-cart/67410b8c6cb6226060a20da4]
[practice.expandtesting.com/bookstore/index2679.html]
[practice.expandtesting.com/bookstore/add-to-cart/674108466cb6226060a20d44]
[practice.expandtesting.com/bookstore/books/categories/674106645b85ae33d4d10e62c643.html]
[practice.expandtesting.com/bookstore/add-to-cart/674108466cb6226060a20d44]
[practice.expandtesting.com/bookstore/books/categories/674106645b85ae33d4d10e62cfa8.html]
[practice.expandtesting.com/bookstore/add-to-cart/674108466cb6226060a20d44]
[practice.expandtesting.com/bookstore/books/categories/674106645b85ae33d4d10e62beb1.html]
[practice.expandtesting.com/bookstore/add-to-cart/674108466cb6226060a20d44]
[practice.expandtesting.com/bookstore/books/categories/674106645b85ae33d4d10e622679.html]
[practice.expandtesting.com/bookstore/books/categories/6741066a5b85ae33d4d10e65c643.html]
[practice.expandtesting.com/bookstore/books/categories/6741066a5b85ae33d4d10e65cfa8.html]
[practice.expandtesting.com/bookstore/books/categories/6741066a5b85ae33d4d10e65beb1.html]
[practice.expandtesting.com/bookstore/books/categories/6741066a5b85ae33d4d10e652679.html]
[practice.expandtesting.com/bookstore/add-to-cart/67410b8c6cb6226060a20da4]
[practice.expandtesting.com/bookstore/books/categories/674106705b85ae33d4d10e68c643.html]
[practice.expandtesting.com/bookstore/add-to-cart/67410b8c6cb6226060a20da4]
[practice.expandtesting.com/bookstore/books/categories/674106705b85ae33d4d10e68cfa8.html]
[practice.expandtesting.com/bookstore/add-to-cart/67410b8c6cb6226060a20da4]
[practice.expandtesting.com/bookstore/books/categories/674106705b85ae33d4d10e68beb1.html]
[practice.expandtesting.com/bookstore/add-to-cart/67410b8c6cb6226060a20da4]
[practice.expandtesting.com/bookstore/books/categories/674106705b85ae33d4d10e682679.html]
[practice.expandtesting.com/status-codes/500.html]
